// Jest Snapshot v1, https://goo.gl/fbAQLP

exports[`SSR should render 10 items with renderToStaticMarkup 1`] = `"<div style="overflow:hidden auto;position:relative;contain:strict;width:100%;height:100%;padding:0;margin:0"><div style="position:absolute;top:0;left:0;width:100%;height:40000px;min-width:100%;min-height:40000px;pointer-events:auto"><div style="margin:0;padding:0;position:absolute;width:100%;left:0;top:0;visibility:hidden"><div>0</div></div><div style="margin:0;padding:0;position:absolute;width:100%;left:0;top:40px;visibility:hidden"><div>1</div></div><div style="margin:0;padding:0;position:absolute;width:100%;left:0;top:80px;visibility:hidden"><div>2</div></div><div style="margin:0;padding:0;position:absolute;width:100%;left:0;top:120px;visibility:hidden"><div>3</div></div><div style="margin:0;padding:0;position:absolute;width:100%;left:0;top:160px;visibility:hidden"><div>4</div></div><div style="margin:0;padding:0;position:absolute;width:100%;left:0;top:200px;visibility:hidden"><div>5</div></div><div style="margin:0;padding:0;position:absolute;width:100%;left:0;top:240px;visibility:hidden"><div>6</div></div><div style="margin:0;padding:0;position:absolute;width:100%;left:0;top:280px;visibility:hidden"><div>7</div></div><div style="margin:0;padding:0;position:absolute;width:100%;left:0;top:320px;visibility:hidden"><div>8</div></div><div style="margin:0;padding:0;position:absolute;width:100%;left:0;top:360px;visibility:hidden"><div>9</div></div><div style="margin:0;padding:0;position:absolute;width:100%;left:0;top:400px;visibility:hidden"><div>10</div></div></div></div>"`;

exports[`SSR should render 10 items with renderToString 1`] = `"<div style="overflow:hidden auto;position:relative;contain:strict;width:100%;height:100%;padding:0;margin:0"><div style="position:absolute;top:0;left:0;width:100%;height:40000px;min-width:100%;min-height:40000px;pointer-events:auto"><div style="margin:0;padding:0;position:absolute;width:100%;left:0;top:0;visibility:hidden"><div>0</div></div><div style="margin:0;padding:0;position:absolute;width:100%;left:0;top:40px;visibility:hidden"><div>1</div></div><div style="margin:0;padding:0;position:absolute;width:100%;left:0;top:80px;visibility:hidden"><div>2</div></div><div style="margin:0;padding:0;position:absolute;width:100%;left:0;top:120px;visibility:hidden"><div>3</div></div><div style="margin:0;padding:0;position:absolute;width:100%;left:0;top:160px;visibility:hidden"><div>4</div></div><div style="margin:0;padding:0;position:absolute;width:100%;left:0;top:200px;visibility:hidden"><div>5</div></div><div style="margin:0;padding:0;position:absolute;width:100%;left:0;top:240px;visibility:hidden"><div>6</div></div><div style="margin:0;padding:0;position:absolute;width:100%;left:0;top:280px;visibility:hidden"><div>7</div></div><div style="margin:0;padding:0;position:absolute;width:100%;left:0;top:320px;visibility:hidden"><div>8</div></div><div style="margin:0;padding:0;position:absolute;width:100%;left:0;top:360px;visibility:hidden"><div>9</div></div><div style="margin:0;padding:0;position:absolute;width:100%;left:0;top:400px;visibility:hidden"><div>10</div></div></div></div>"`;
